\BOOKMARK [1][-]{section.1}{\376\377\000A\000b\000s\000t\000r\000a\000c\000t}{}% 1
\BOOKMARK [1][-]{section.2}{\376\377\000I\000n\000t\000r\000o\000d\000u\000c\000t\000i\000o\000n}{}% 2
\BOOKMARK [1][-]{section.3}{\376\377\000A\000d\000v\000e\000r\000s\000a\000r\000i\000a\000l\000\040\000A\000t\000t\000a\000c\000k\000s}{}% 3
\BOOKMARK [2][-]{subsection.3.1}{\376\377\000S\000i\000m\000u\000l\000a\000t\000i\000o\000n\000\040\000o\000f\000\040\000A\000t\000t\000a\000c\000k\000e\000d\000\040\000C\000S\000T\000R\000\040\000S\000y\000s\000t\000e\000m}{section.3}% 4
\BOOKMARK [1][-]{appendix.A}{\376\377\000C\000o\000d\000e\000\040\000M\000i\000g\000r\000a\000t\000i\000o\000n\000:\000\040\000M\000A\000T\000L\000A\000B\000\040\000t\000o\000\040\000C\000+\000+}{}% 5
\BOOKMARK [2][-]{subsection.A.1}{\376\377\000M\000o\000t\000i\000v\000a\000t\000i\000o\000n}{appendix.A}% 6
\BOOKMARK [2][-]{subsection.A.2}{\376\377\000A\000r\000c\000h\000i\000t\000e\000c\000t\000u\000r\000e\000\040\000D\000e\000c\000i\000s\000i\000o\000n\000s}{appendix.A}% 7
\BOOKMARK [3][-]{subsubsection.A.2.1}{\376\377\000D\000a\000t\000a\000\040\000L\000a\000y\000o\000u\000t}{subsection.A.2}% 8
\BOOKMARK [3][-]{subsubsection.A.2.2}{\376\377\000B\000u\000i\000l\000d\000\040\000S\000y\000s\000t\000e\000m}{subsection.A.2}% 9
\BOOKMARK [2][-]{subsection.A.3}{\376\377\000I\000m\000p\000l\000e\000m\000e\000n\000t\000a\000t\000i\000o\000n\000\040\040\024\000\040\000C\000S\000T\000R\000\040\000S\000y\000s\000t\000e\000m\000\040\000\050\000F\000i\000g\000.\000\040\0002\000\051}{appendix.A}% 10
\BOOKMARK [3][-]{subsubsection.A.3.1}{\376\377\000S\000y\000s\000t\000e\000m\000\040\000D\000y\000n\000a\000m\000i\000c\000s}{subsection.A.3}% 11
\BOOKMARK [3][-]{subsubsection.A.3.2}{\376\377\000R\000e\000f\000e\000r\000e\000n\000c\000e\000\040\000T\000r\000a\000j\000e\000c\000t\000o\000r\000y}{subsection.A.3}% 12
\BOOKMARK [3][-]{subsubsection.A.3.3}{\376\377\000S\000i\000g\000n\000u\000m\000\040\000F\000u\000n\000c\000t\000i\000o\000n}{subsection.A.3}% 13
\BOOKMARK [3][-]{subsubsection.A.3.4}{\376\377\000V\000i\000s\000u\000a\000l\000i\000z\000a\000t\000i\000o\000n}{subsection.A.3}% 14
\BOOKMARK [2][-]{subsection.A.4}{\376\377\000I\000m\000p\000l\000e\000m\000e\000n\000t\000a\000t\000i\000o\000n\000\040\040\024\000\040\000A\000t\000t\000a\000c\000k\000e\000d\000\040\000C\000S\000T\000R\000\040\000S\000y\000s\000t\000e\000m}{appendix.A}% 15
\BOOKMARK [3][-]{subsubsection.A.4.1}{\376\377\000N\000o\000i\000s\000e\000\040\000I\000n\000j\000e\000c\000t\000i\000o\000n}{subsection.A.4}% 16
\BOOKMARK [3][-]{subsubsection.A.4.2}{\376\377\000O\000u\000t\000p\000u\000t\000\040\000C\000o\000m\000p\000a\000r\000i\000s\000o\000n\000\040\040\024\000\040\000C\000S\000T\000R\000\040\000S\000y\000s\000t\000e\000m}{subsection.A.4}% 17
\BOOKMARK [3][-]{subsubsection.A.4.3}{\376\377\000O\000u\000t\000p\000u\000t\000\040\000C\000o\000m\000p\000a\000r\000i\000s\000o\000n\000\040\040\024\000\040\000A\000t\000t\000a\000c\000k\000e\000d\000\040\000C\000S\000T\000R\000\040\000S\000y\000s\000t\000e\000m}{subsection.A.4}% 18
\BOOKMARK [2][-]{subsection.A.5}{\376\377\000P\000e\000r\000f\000o\000r\000m\000a\000n\000c\000e\000\040\000C\000o\000m\000p\000a\000r\000i\000s\000o\000n}{appendix.A}% 19
\BOOKMARK [2][-]{subsection.A.6}{\376\377\000O\000u\000t\000p\000u\000t\000\040\000V\000a\000l\000i\000d\000a\000t\000i\000o\000n}{appendix.A}% 20
\BOOKMARK [3][-]{subsubsection.A.6.1}{\376\377\000V\000a\000l\000i\000d\000a\000t\000i\000o\000n\000\040\000P\000i\000p\000e\000l\000i\000n\000e}{subsection.A.6}% 21
\BOOKMARK [3][-]{subsubsection.A.6.2}{\376\377\000V\000a\000l\000i\000d\000a\000t\000i\000o\000n\000\040\000R\000e\000s\000u\000l\000t\000s}{subsection.A.6}% 22
\BOOKMARK [2][-]{subsection.A.7}{\376\377\000R\000e\000m\000a\000i\000n\000i\000n\000g\000\040\000W\000o\000r\000k}{appendix.A}% 23
